  Determinando los proyectos que se van a restaurar...
  Todos los proyectos est├ín actualizados para la restauraci├│n.
  GestorOT.Domain -> C:\Users\HWLScuffi\workspace\Gestor-OT\src\GestorOT.Domain\bin\Debug\net10.0\GestorOT.Domain.dll
  GestorOT.Shared -> C:\Users\HWLScuffi\workspace\Gestor-OT\src\GestorOT.Shared\bin\Debug\net10.0\GestorOT.Shared.dll
C:\Users\HWLScuffi\workspace\Gestor-OT\src\GestorOT.Client\Pages\WorkOrderDetailFinal.razor(31,15): error RZ9980: Unclosed tag 'div' with no matching end tag. [C:\Users\HWLScuffi\workspace\Gestor-OT\src\GestorOT.Client\GestorOT.Client.csproj]
C:\Users\HWLScuffi\workspace\Gestor-OT\src\GestorOT.Client\Pages\WorkOrderDetailFinal.razor(31,16): error RZ1025: The "div" element was not closed.  All elements must be either self-closing or have a matching end tag. [C:\Users\HWLScuffi\workspace\Gestor-OT\src\GestorOT.Client\GestorOT.Client.csproj]
C:\Users\HWLScuffi\workspace\Gestor-OT\src\GestorOT.Client\Pages\WorkOrderDetailFinal.razor(37,9): error RZ9980: Unclosed tag 'div' with no matching end tag. [C:\Users\HWLScuffi\workspace\Gestor-OT\src\GestorOT.Client\GestorOT.Client.csproj]
C:\Users\HWLScuffi\workspace\Gestor-OT\src\GestorOT.Client\Pages\WorkOrderDetailFinal.razor(42,14): error RZ1034: Found a malformed 'Row' tag helper. Tag helpers must have a start and end tag or be self closing. [C:\Users\HWLScuffi\workspace\Gestor-OT\src\GestorOT.Client\GestorOT.Client.csproj]
C:\Users\HWLScuffi\workspace\Gestor-OT\src\GestorOT.Client\Pages\WorkOrderDetailFinal.razor(43,18): error RZ1042: Component or tag helper 'Col' must be self-closing because it's named like an HTML void element. To use child content, qualify such components with their namespace or use prefixes with such tag helpers. [C:\Users\HWLScuffi\workspace\Gestor-OT\src\GestorOT.Client\GestorOT.Client.csproj]
C:\Users\HWLScuffi\workspace\Gestor-OT\src\GestorOT.Client\Pages\WorkOrderDetailFinal.razor(46,17): error RZ9981: Unexpected closing tag 'Col' with no matching start tag. [C:\Users\HWLScuffi\workspace\Gestor-OT\src\GestorOT.Client\GestorOT.Client.csproj]
C:\Users\HWLScuffi\workspace\Gestor-OT\src\GestorOT.Client\Pages\WorkOrderDetailFinal.razor(46,19): error RZ1034: Found a malformed 'Col' tag helper. Tag helpers must have a start and end tag or be self closing. [C:\Users\HWLScuffi\workspace\Gestor-OT\src\GestorOT.Client\GestorOT.Client.csproj]
C:\Users\HWLScuffi\workspace\Gestor-OT\src\GestorOT.Client\Pages\WorkOrderDetailFinal.razor(47,18): error RZ1042: Component or tag helper 'Col' must be self-closing because it's named like an HTML void element. To use child content, qualify such components with their namespace or use prefixes with such tag helpers. [C:\Users\HWLScuffi\workspace\Gestor-OT\src\GestorOT.Client\GestorOT.Client.csproj]
C:\Users\HWLScuffi\workspace\Gestor-OT\src\GestorOT.Client\Pages\WorkOrderDetailFinal.razor(50,17): error RZ9981: Unexpected closing tag 'Col' with no matching start tag. [C:\Users\HWLScuffi\workspace\Gestor-OT\src\GestorOT.Client\GestorOT.Client.csproj]
C:\Users\HWLScuffi\workspace\Gestor-OT\src\GestorOT.Client\Pages\WorkOrderDetailFinal.razor(50,19): error RZ1026: Encountered end tag "Col" with no matching start tag.  Are your start/end tags properly balanced? [C:\Users\HWLScuffi\workspace\Gestor-OT\src\GestorOT.Client\GestorOT.Client.csproj]
C:\Users\HWLScuffi\workspace\Gestor-OT\src\GestorOT.Client\Pages\WorkOrderDetailFinal.razor(50,19): error RZ1034: Found a malformed 'Col' tag helper. Tag helpers must have a start and end tag or be self closing. [C:\Users\HWLScuffi\workspace\Gestor-OT\src\GestorOT.Client\GestorOT.Client.csproj]
C:\Users\HWLScuffi\workspace\Gestor-OT\src\GestorOT.Client\Pages\WorkOrderDetailFinal.razor(51,18): error RZ1042: Component or tag helper 'Col' must be self-closing because it's named like an HTML void element. To use child content, qualify such components with their namespace or use prefixes with such tag helpers. [C:\Users\HWLScuffi\workspace\Gestor-OT\src\GestorOT.Client\GestorOT.Client.csproj]
C:\Users\HWLScuffi\workspace\Gestor-OT\src\GestorOT.Client\Pages\WorkOrderDetailFinal.razor(59,17): error RZ9981: Unexpected closing tag 'Col' with no matching start tag. [C:\Users\HWLScuffi\workspace\Gestor-OT\src\GestorOT.Client\GestorOT.Client.csproj]
C:\Users\HWLScuffi\workspace\Gestor-OT\src\GestorOT.Client\Pages\WorkOrderDetailFinal.razor(59,19): error RZ1026: Encountered end tag "Col" with no matching start tag.  Are your start/end tags properly balanced? [C:\Users\HWLScuffi\workspace\Gestor-OT\src\GestorOT.Client\GestorOT.Client.csproj]
C:\Users\HWLScuffi\workspace\Gestor-OT\src\GestorOT.Client\Pages\WorkOrderDetailFinal.razor(59,19): error RZ1034: Found a malformed 'Col' tag helper. Tag helpers must have a start and end tag or be self closing. [C:\Users\HWLScuffi\workspace\Gestor-OT\src\GestorOT.Client\GestorOT.Client.csproj]
C:\Users\HWLScuffi\workspace\Gestor-OT\src\GestorOT.Client\Pages\WorkOrderDetailFinal.razor(60,13): error RZ9981: Unexpected closing tag 'Row' with no matching start tag. [C:\Users\HWLScuffi\workspace\Gestor-OT\src\GestorOT.Client\GestorOT.Client.csproj]
C:\Users\HWLScuffi\workspace\Gestor-OT\src\GestorOT.Client\Pages\WorkOrderDetailFinal.razor(60,15): error RZ1026: Encountered end tag "Row" with no matching start tag.  Are your start/end tags properly balanced? [C:\Users\HWLScuffi\workspace\Gestor-OT\src\GestorOT.Client\GestorOT.Client.csproj]
C:\Users\HWLScuffi\workspace\Gestor-OT\src\GestorOT.Client\Pages\WorkOrderDetailFinal.razor(60,15): error RZ1034: Found a malformed 'Row' tag helper. Tag helpers must have a start and end tag or be self closing. [C:\Users\HWLScuffi\workspace\Gestor-OT\src\GestorOT.Client\GestorOT.Client.csproj]
C:\Users\HWLScuffi\workspace\Gestor-OT\src\GestorOT.Client\Pages\WorkOrderDetailFinal.razor(69,9): error RZ9981: Unexpected closing tag 'div' with no matching start tag. [C:\Users\HWLScuffi\workspace\Gestor-OT\src\GestorOT.Client\GestorOT.Client.csproj]
C:\Users\HWLScuffi\workspace\Gestor-OT\src\GestorOT.Client\Pages\WorkOrderDetailFinal.razor(69,11): error RZ1026: Encountered end tag "div" with no matching start tag.  Are your start/end tags properly balanced? [C:\Users\HWLScuffi\workspace\Gestor-OT\src\GestorOT.Client\GestorOT.Client.csproj]
C:\Users\HWLScuffi\workspace\Gestor-OT\src\GestorOT.Client\Pages\WorkOrderDetailFinal.razor(228,5): error RZ9981: Unexpected closing tag 'div' with no matching start tag. [C:\Users\HWLScuffi\workspace\Gestor-OT\src\GestorOT.Client\GestorOT.Client.csproj]
C:\Users\HWLScuffi\workspace\Gestor-OT\src\GestorOT.Client\Pages\WorkOrderDetailFinal.razor(228,7): error RZ1026: Encountered end tag "div" with no matching start tag.  Are your start/end tags properly balanced? [C:\Users\HWLScuffi\workspace\Gestor-OT\src\GestorOT.Client\GestorOT.Client.csproj]
C:\Users\HWLScuffi\workspace\Gestor-OT\src\GestorOT.Client\Pages\OTDetalleFinalBase.cs(150,21): warning CS4014: Como esta llamada no es 'awaited', la ejecuci├│n del m├®todo actual continuar├í antes de que se complete la llamada. Puede aplicar el operador 'await' al resultado de la llamada. [C:\Users\HWLScuffi\workspace\Gestor-OT\src\GestorOT.Client\GestorOT.Client.csproj]
C:\Users\HWLScuffi\workspace\Gestor-OT\src\GestorOT.Client\Pages\OTDetalleFinalBase.cs(155,17): warning CS4014: Como esta llamada no es 'awaited', la ejecuci├│n del m├®todo actual continuar├í antes de que se complete la llamada. Puede aplicar el operador 'await' al resultado de la llamada. [C:\Users\HWLScuffi\workspace\Gestor-OT\src\GestorOT.Client\GestorOT.Client.csproj]
C:\Users\HWLScuffi\workspace\Gestor-OT\src\GestorOT.Client\Pages\OTDetalleFinalBase.cs(209,13): warning CS4014: Como esta llamada no es 'awaited', la ejecuci├│n del m├®todo actual continuar├í antes de que se complete la llamada. Puede aplicar el operador 'await' al resultado de la llamada. [C:\Users\HWLScuffi\workspace\Gestor-OT\src\GestorOT.Client\GestorOT.Client.csproj]
C:\Users\HWLScuffi\workspace\Gestor-OT\src\GestorOT.Client\obj\Debug\net10.0\Microsoft.CodeAnalysis.Razor.Compiler\Microsoft.NET.Sdk.Razor.SourceGenerators.RazorSourceGenerator\Pages\Admin\WorkOrderStatuses_razor.g.cs(862,70): warning CS0618: 'Checkbox.CheckedExpression' est├í obsoleto: 'Currently not implemented' [C:\Users\HWLScuffi\workspace\Gestor-OT\src\GestorOT.Client\GestorOT.Client.csproj]
C:\Users\HWLScuffi\workspace\Gestor-OT\src\GestorOT.Client\obj\Debug\net10.0\Microsoft.CodeAnalysis.Razor.Compiler\Microsoft.NET.Sdk.Razor.SourceGenerators.RazorSourceGenerator\Pages\Admin\WorkOrderStatuses_razor.g.cs(888,70): warning CS0618: 'Checkbox.CheckedExpression' est├í obsoleto: 'Currently not implemented' [C:\Users\HWLScuffi\workspace\Gestor-OT\src\GestorOT.Client\GestorOT.Client.csproj]
C:\Users\HWLScuffi\workspace\Gestor-OT\src\GestorOT.Client\obj\Debug\net10.0\Microsoft.CodeAnalysis.Razor.Compiler\Microsoft.NET.Sdk.Razor.SourceGenerators.RazorSourceGenerator\Components\StrategyLaborWizard_razor.g.cs(376,73): warning CS0618: 'Checkbox.CheckedExpression' est├í obsoleto: 'Currently not implemented' [C:\Users\HWLScuffi\workspace\Gestor-OT\src\GestorOT.Client\GestorOT.Client.csproj]
C:\Users\HWLScuffi\workspace\Gestor-OT\src\GestorOT.Client\obj\Debug\net10.0\Microsoft.CodeAnalysis.Razor.Compiler\Microsoft.NET.Sdk.Razor.SourceGenerators.RazorSourceGenerator\Components\StrategyLaborWizard_razor.g.cs(1086,66): warning CS0618: 'Checkbox.CheckedExpression' est├í obsoleto: 'Currently not implemented' [C:\Users\HWLScuffi\workspace\Gestor-OT\src\GestorOT.Client\GestorOT.Client.csproj]
C:\Users\HWLScuffi\workspace\Gestor-OT\src\GestorOT.Client\obj\Debug\net10.0\Microsoft.CodeAnalysis.Razor.Compiler\Microsoft.NET.Sdk.Razor.SourceGenerators.RazorSourceGenerator\Components\StrategyLaborWizard_razor.g.cs(2069,57): warning CS0618: 'Checkbox.CheckedExpression' est├í obsoleto: 'Currently not implemented' [C:\Users\HWLScuffi\workspace\Gestor-OT\src\GestorOT.Client\GestorOT.Client.csproj]
C:\Users\HWLScuffi\workspace\Gestor-OT\src\GestorOT.Client\obj\Debug\net10.0\Microsoft.CodeAnalysis.Razor.Compiler\Microsoft.NET.Sdk.Razor.SourceGenerators.RazorSourceGenerator\Pages\Campanias_razor.g.cs(2945,70): warning CS0618: 'Checkbox.CheckedExpression' est├í obsoleto: 'Currently not implemented' [C:\Users\HWLScuffi\workspace\Gestor-OT\src\GestorOT.Client\GestorOT.Client.csproj]
C:\Users\HWLScuffi\workspace\Gestor-OT\src\GestorOT.Client\Pages\WorkPlanner.razor(541,28): warning CS8619: La nulabilidad de los tipos de referencia en el valor de tipo "Task<List<CampaignLotDto>?>" no coincide con el tipo de destino "Task<List<CampaignLotDto>>". [C:\Users\HWLScuffi\workspace\Gestor-OT\src\GestorOT.Client\GestorOT.Client.csproj]
C:\Users\HWLScuffi\workspace\Gestor-OT\src\GestorOT.Client\Components\StrategyLaborWizard.razor(432,35): warning CS8601: Posible asignaci├│n de referencia nula. [C:\Users\HWLScuffi\workspace\Gestor-OT\src\GestorOT.Client\GestorOT.Client.csproj]
C:\Users\HWLScuffi\workspace\Gestor-OT\src\GestorOT.Client\obj\Debug\net10.0\Microsoft.CodeAnalysis.Razor.Compiler\Microsoft.NET.Sdk.Razor.SourceGenerators.RazorSourceGenerator\Pages\Campos_razor.g.cs(254,56): warning CS0618: 'Checkbox.CheckedExpression' est├í obsoleto: 'Currently not implemented' [C:\Users\HWLScuffi\workspace\Gestor-OT\src\GestorOT.Client\GestorOT.Client.csproj]
C:\Users\HWLScuffi\workspace\Gestor-OT\src\GestorOT.Client\obj\Debug\net10.0\Microsoft.CodeAnalysis.Razor.Compiler\Microsoft.NET.Sdk.Razor.SourceGenerators.RazorSourceGenerator\Pages\LaboresSueltas_razor.g.cs(182,87): warning CS8669: La anotaci├│n de tipos de referencia que aceptan valores NULL solo se debe usar en el c├│digo en un contexto de anotaciones "#nullable". El c├│digo generado autom├íticamente requiere una directiva "#nullable" expl├¡cita en el c├│digo fuente. [C:\Users\HWLScuffi\workspace\Gestor-OT\src\GestorOT.Client\GestorOT.Client.csproj]
C:\Users\HWLScuffi\workspace\Gestor-OT\src\GestorOT.Client\obj\Debug\net10.0\Microsoft.CodeAnalysis.Razor.Compiler\Microsoft.NET.Sdk.Razor.SourceGenerators.RazorSourceGenerator\Pages\LaboresSueltas_razor.g.cs(191,87): warning CS8669: La anotaci├│n de tipos de referencia que aceptan valores NULL solo se debe usar en el c├│digo en un contexto de anotaciones "#nullable". El c├│digo generado autom├íticamente requiere una directiva "#nullable" expl├¡cita en el c├│digo fuente. [C:\Users\HWLScuffi\workspace\Gestor-OT\src\GestorOT.Client\GestorOT.Client.csproj]
C:\Users\HWLScuffi\workspace\Gestor-OT\src\GestorOT.Client\obj\Debug\net10.0\Microsoft.CodeAnalysis.Razor.Compiler\Microsoft.NET.Sdk.Razor.SourceGenerators.RazorSourceGenerator\Pages\LaboresSueltas_razor.g.cs(200,87): warning CS8669: La anotaci├│n de tipos de referencia que aceptan valores NULL solo se debe usar en el c├│digo en un contexto de anotaciones "#nullable". El c├│digo generado autom├íticamente requiere una directiva "#nullable" expl├¡cita en el c├│digo fuente. [C:\Users\HWLScuffi\workspace\Gestor-OT\src\GestorOT.Client\GestorOT.Client.csproj]
C:\Users\HWLScuffi\workspace\Gestor-OT\src\GestorOT.Client\obj\Debug\net10.0\Microsoft.CodeAnalysis.Razor.Compiler\Microsoft.NET.Sdk.Razor.SourceGenerators.RazorSourceGenerator\Pages\LaboresSueltas_razor.g.cs(209,87): warning CS8669: La anotaci├│n de tipos de referencia que aceptan valores NULL solo se debe usar en el c├│digo en un contexto de anotaciones "#nullable". El c├│digo generado autom├íticamente requiere una directiva "#nullable" expl├¡cita en el c├│digo fuente. [C:\Users\HWLScuffi\workspace\Gestor-OT\src\GestorOT.Client\GestorOT.Client.csproj]
C:\Users\HWLScuffi\workspace\Gestor-OT\src\GestorOT.Client\obj\Debug\net10.0\Microsoft.CodeAnalysis.Razor.Compiler\Microsoft.NET.Sdk.Razor.SourceGenerators.RazorSourceGenerator\Pages\LaboresSueltas_razor.g.cs(226,87): warning CS8669: La anotaci├│n de tipos de referencia que aceptan valores NULL solo se debe usar en el c├│digo en un contexto de anotaciones "#nullable". El c├│digo generado autom├íticamente requiere una directiva "#nullable" expl├¡cita en el c├│digo fuente. [C:\Users\HWLScuffi\workspace\Gestor-OT\src\GestorOT.Client\GestorOT.Client.csproj]
C:\Users\HWLScuffi\workspace\Gestor-OT\src\GestorOT.Client\obj\Debug\net10.0\Microsoft.CodeAnalysis.Razor.Compiler\Microsoft.NET.Sdk.Razor.SourceGenerators.RazorSourceGenerator\Pages\LaboresSueltas_razor.g.cs(234,104): warning CS8669: La anotaci├│n de tipos de referencia que aceptan valores NULL solo se debe usar en el c├│digo en un contexto de anotaciones "#nullable". El c├│digo generado autom├íticamente requiere una directiva "#nullable" expl├¡cita en el c├│digo fuente. [C:\Users\HWLScuffi\workspace\Gestor-OT\src\GestorOT.Client\GestorOT.Client.csproj]
C:\Users\HWLScuffi\workspace\Gestor-OT\src\GestorOT.Client\obj\Debug\net10.0\Microsoft.CodeAnalysis.Razor.Compiler\Microsoft.NET.Sdk.Razor.SourceGenerators.RazorSourceGenerator\Pages\LaboresSueltas_razor.g.cs(243,87): warning CS8669: La anotaci├│n de tipos de referencia que aceptan valores NULL solo se debe usar en el c├│digo en un contexto de anotaciones "#nullable". El c├│digo generado autom├íticamente requiere una directiva "#nullable" expl├¡cita en el c├│digo fuente. [C:\Users\HWLScuffi\workspace\Gestor-OT\src\GestorOT.Client\GestorOT.Client.csproj]
C:\Users\HWLScuffi\workspace\Gestor-OT\src\GestorOT.Client\obj\Debug\net10.0\Microsoft.CodeAnalysis.Razor.Compiler\Microsoft.NET.Sdk.Razor.SourceGenerators.RazorSourceGenerator\Pages\LaboresSueltas_razor.g.cs(243,255): warning CS8669: La anotaci├│n de tipos de referencia que aceptan valores NULL solo se debe usar en el c├│digo en un contexto de anotaciones "#nullable". El c├│digo generado autom├íticamente requiere una directiva "#nullable" expl├¡cita en el c├│digo fuente. [C:\Users\HWLScuffi\workspace\Gestor-OT\src\GestorOT.Client\GestorOT.Client.csproj]
C:\Users\HWLScuffi\workspace\Gestor-OT\src\GestorOT.Client\obj\Debug\net10.0\Microsoft.CodeAnalysis.Razor.Compiler\Microsoft.NET.Sdk.Razor.SourceGenerators.RazorSourceGenerator\Pages\LaboresSueltas_razor.g.cs(243,334): warning CS8669: La anotaci├│n de tipos de referencia que aceptan valores NULL solo se debe usar en el c├│digo en un contexto de anotaciones "#nullable". El c├│digo generado autom├íticamente requiere una directiva "#nullable" expl├¡cita en el c├│digo fuente. [C:\Users\HWLScuffi\workspace\Gestor-OT\src\GestorOT.Client\GestorOT.Client.csproj]
C:\Users\HWLScuffi\workspace\Gestor-OT\src\GestorOT.Client\obj\Debug\net10.0\Microsoft.CodeAnalysis.Razor.Compiler\Microsoft.NET.Sdk.Razor.SourceGenerators.RazorSourceGenerator\Pages\LaboresSueltas_razor.g.cs(244,87): warning CS8669: La anotaci├│n de tipos de referencia que aceptan valores NULL solo se debe usar en el c├│digo en un contexto de anotaciones "#nullable". El c├│digo generado autom├íticamente requiere una directiva "#nullable" expl├¡cita en el c├│digo fuente. [C:\Users\HWLScuffi\workspace\Gestor-OT\src\GestorOT.Client\GestorOT.Client.csproj]
C:\Users\HWLScuffi\workspace\Gestor-OT\src\GestorOT.Client\obj\Debug\net10.0\Microsoft.CodeAnalysis.Razor.Compiler\Microsoft.NET.Sdk.Razor.SourceGenerators.RazorSourceGenerator\Pages\LaboresSueltas_razor.g.cs(244,267): warning CS8669: La anotaci├│n de tipos de referencia que aceptan valores NULL solo se debe usar en el c├│digo en un contexto de anotaciones "#nullable". El c├│digo generado autom├íticamente requiere una directiva "#nullable" expl├¡cita en el c├│digo fuente. [C:\Users\HWLScuffi\workspace\Gestor-OT\src\GestorOT.Client\GestorOT.Client.csproj]
C:\Users\HWLScuffi\workspace\Gestor-OT\src\GestorOT.Client\obj\Debug\net10.0\Microsoft.CodeAnalysis.Razor.Compiler\Microsoft.NET.Sdk.Razor.SourceGenerators.RazorSourceGenerator\Pages\LaboresSueltas_razor.g.cs(263,98): warning CS8669: La anotaci├│n de tipos de referencia que aceptan valores NULL solo se debe usar en el c├│digo en un contexto de anotaciones "#nullable". El c├│digo generado autom├íticamente requiere una directiva "#nullable" expl├¡cita en el c├│digo fuente. [C:\Users\HWLScuffi\workspace\Gestor-OT\src\GestorOT.Client\GestorOT.Client.csproj]
C:\Users\HWLScuffi\workspace\Gestor-OT\src\GestorOT.Client\obj\Debug\net10.0\Microsoft.CodeAnalysis.Razor.Compiler\Microsoft.NET.Sdk.Razor.SourceGenerators.RazorSourceGenerator\Pages\LaboresSueltas_razor.g.cs(271,108): warning CS8669: La anotaci├│n de tipos de referencia que aceptan valores NULL solo se debe usar en el c├│digo en un contexto de anotaciones "#nullable". El c├│digo generado autom├íticamente requiere una directiva "#nullable" expl├¡cita en el c├│digo fuente. [C:\Users\HWLScuffi\workspace\Gestor-OT\src\GestorOT.Client\GestorOT.Client.csproj]
C:\Users\HWLScuffi\workspace\Gestor-OT\src\GestorOT.Client\obj\Debug\net10.0\Microsoft.CodeAnalysis.Razor.Compiler\Microsoft.NET.Sdk.Razor.SourceGenerators.RazorSourceGenerator\Pages\LaboresSueltas_razor.g.cs(280,98): warning CS8669: La anotaci├│n de tipos de referencia que aceptan valores NULL solo se debe usar en el c├│digo en un contexto de anotaciones "#nullable". El c├│digo generado autom├íticamente requiere una directiva "#nullable" expl├¡cita en el c├│digo fuente. [C:\Users\HWLScuffi\workspace\Gestor-OT\src\GestorOT.Client\GestorOT.Client.csproj]
C:\Users\HWLScuffi\workspace\Gestor-OT\src\GestorOT.Client\obj\Debug\net10.0\Microsoft.CodeAnalysis.Razor.Compiler\Microsoft.NET.Sdk.Razor.SourceGenerators.RazorSourceGenerator\Pages\LaboresSueltas_razor.g.cs(308,98): warning CS8669: La anotaci├│n de tipos de referencia que aceptan valores NULL solo se debe usar en el c├│digo en un contexto de anotaciones "#nullable". El c├│digo generado autom├íticamente requiere una directiva "#nullable" expl├¡cita en el c├│digo fuente. [C:\Users\HWLScuffi\workspace\Gestor-OT\src\GestorOT.Client\GestorOT.Client.csproj]
C:\Users\HWLScuffi\workspace\Gestor-OT\src\GestorOT.Client\obj\Debug\net10.0\Microsoft.CodeAnalysis.Razor.Compiler\Microsoft.NET.Sdk.Razor.SourceGenerators.RazorSourceGenerator\Pages\LaboresSueltas_razor.g.cs(316,108): warning CS8669: La anotaci├│n de tipos de referencia que aceptan valores NULL solo se debe usar en el c├│digo en un contexto de anotaciones "#nullable". El c├│digo generado autom├íticamente requiere una directiva "#nullable" expl├¡cita en el c├│digo fuente. [C:\Users\HWLScuffi\workspace\Gestor-OT\src\GestorOT.Client\GestorOT.Client.csproj]
C:\Users\HWLScuffi\workspace\Gestor-OT\src\GestorOT.Client\obj\Debug\net10.0\Microsoft.CodeAnalysis.Razor.Compiler\Microsoft.NET.Sdk.Razor.SourceGenerators.RazorSourceGenerator\Pages\LaboresSueltas_razor.g.cs(325,98): warning CS8669: La anotaci├│n de tipos de referencia que aceptan valores NULL solo se debe usar en el c├│digo en un contexto de anotaciones "#nullable". El c├│digo generado autom├íticamente requiere una directiva "#nullable" expl├¡cita en el c├│digo fuente. [C:\Users\HWLScuffi\workspace\Gestor-OT\src\GestorOT.Client\GestorOT.Client.csproj]
C:\Users\HWLScuffi\workspace\Gestor-OT\src\GestorOT.Client\obj\Debug\net10.0\Microsoft.CodeAnalysis.Razor.Compiler\Microsoft.NET.Sdk.Razor.SourceGenerators.RazorSourceGenerator\Pages\LaboresSueltas_razor.g.cs(356,87): warning CS8669: La anotaci├│n de tipos de referencia que aceptan valores NULL solo se debe usar en el c├│digo en un contexto de anotaciones "#nullable". El c├│digo generado autom├íticamente requiere una directiva "#nullable" expl├¡cita en el c├│digo fuente. [C:\Users\HWLScuffi\workspace\Gestor-OT\src\GestorOT.Client\GestorOT.Client.csproj]
C:\Users\HWLScuffi\workspace\Gestor-OT\src\GestorOT.Client\obj\Debug\net10.0\Microsoft.CodeAnalysis.Razor.Compiler\Microsoft.NET.Sdk.Razor.SourceGenerators.RazorSourceGenerator\Pages\LaboresSueltas_razor.g.cs(365,87): warning CS8669: La anotaci├│n de tipos de referencia que aceptan valores NULL solo se debe usar en el c├│digo en un contexto de anotaciones "#nullable". El c├│digo generado autom├íticamente requiere una directiva "#nullable" expl├¡cita en el c├│digo fuente. [C:\Users\HWLScuffi\workspace\Gestor-OT\src\GestorOT.Client\GestorOT.Client.csproj]
C:\Users\HWLScuffi\workspace\Gestor-OT\src\GestorOT.Client\obj\Debug\net10.0\Microsoft.CodeAnalysis.Razor.Compiler\Microsoft.NET.Sdk.Razor.SourceGenerators.RazorSourceGenerator\Pages\LaboresSueltas_razor.g.cs(374,87): warning CS8669: La anotaci├│n de tipos de referencia que aceptan valores NULL solo se debe usar en el c├│digo en un contexto de anotaciones "#nullable". El c├│digo generado autom├íticamente requiere una directiva "#nullable" expl├¡cita en el c├│digo fuente. [C:\Users\HWLScuffi\workspace\Gestor-OT\src\GestorOT.Client\GestorOT.Client.csproj]
C:\Users\HWLScuffi\workspace\Gestor-OT\src\GestorOT.Client\obj\Debug\net10.0\Microsoft.CodeAnalysis.Razor.Compiler\Microsoft.NET.Sdk.Razor.SourceGenerators.RazorSourceGenerator\Pages\LaboresSueltas_razor.g.cs(383,87): warning CS8669: La anotaci├│n de tipos de referencia que aceptan valores NULL solo se debe usar en el c├│digo en un contexto de anotaciones "#nullable". El c├│digo generado autom├íticamente requiere una directiva "#nullable" expl├¡cita en el c├│digo fuente. [C:\Users\HWLScuffi\workspace\Gestor-OT\src\GestorOT.Client\GestorOT.Client.csproj]
C:\Users\HWLScuffi\workspace\Gestor-OT\src\GestorOT.Client\obj\Debug\net10.0\Microsoft.CodeAnalysis.Razor.Compiler\Microsoft.NET.Sdk.Razor.SourceGenerators.RazorSourceGenerator\Pages\LaboresSueltas_razor.g.cs(400,87): warning CS8669: La anotaci├│n de tipos de referencia que aceptan valores NULL solo se debe usar en el c├│digo en un contexto de anotaciones "#nullable". El c├│digo generado autom├íticamente requiere una directiva "#nullable" expl├¡cita en el c├│digo fuente. [C:\Users\HWLScuffi\workspace\Gestor-OT\src\GestorOT.Client\GestorOT.Client.csproj]
C:\Users\HWLScuffi\workspace\Gestor-OT\src\GestorOT.Client\obj\Debug\net10.0\Microsoft.CodeAnalysis.Razor.Compiler\Microsoft.NET.Sdk.Razor.SourceGenerators.RazorSourceGenerator\Pages\LaboresSueltas_razor.g.cs(408,104): warning CS8669: La anotaci├│n de tipos de referencia que aceptan valores NULL solo se debe usar en el c├│digo en un contexto de anotaciones "#nullable". El c├│digo generado autom├íticamente requiere una directiva "#nullable" expl├¡cita en el c├│digo fuente. [C:\Users\HWLScuffi\workspace\Gestor-OT\src\GestorOT.Client\GestorOT.Client.csproj]
C:\Users\HWLScuffi\workspace\Gestor-OT\src\GestorOT.Client\obj\Debug\net10.0\Microsoft.CodeAnalysis.Razor.Compiler\Microsoft.NET.Sdk.Razor.SourceGenerators.RazorSourceGenerator\Pages\LaboresSueltas_razor.g.cs(417,87): warning CS8669: La anotaci├│n de tipos de referencia que aceptan valores NULL solo se debe usar en el c├│digo en un contexto de anotaciones "#nullable". El c├│digo generado autom├íticamente requiere una directiva "#nullable" expl├¡cita en el c├│digo fuente. [C:\Users\HWLScuffi\workspace\Gestor-OT\src\GestorOT.Client\GestorOT.Client.csproj]
C:\Users\HWLScuffi\workspace\Gestor-OT\src\GestorOT.Client\obj\Debug\net10.0\Microsoft.CodeAnalysis.Razor.Compiler\Microsoft.NET.Sdk.Razor.SourceGenerators.RazorSourceGenerator\Pages\LaboresSueltas_razor.g.cs(417,255): warning CS8669: La anotaci├│n de tipos de referencia que aceptan valores NULL solo se debe usar en el c├│digo en un contexto de anotaciones "#nullable". El c├│digo generado autom├íticamente requiere una directiva "#nullable" expl├¡cita en el c├│digo fuente. [C:\Users\HWLScuffi\workspace\Gestor-OT\src\GestorOT.Client\GestorOT.Client.csproj]
C:\Users\HWLScuffi\workspace\Gestor-OT\src\GestorOT.Client\obj\Debug\net10.0\Microsoft.CodeAnalysis.Razor.Compiler\Microsoft.NET.Sdk.Razor.SourceGenerators.RazorSourceGenerator\Pages\LaboresSueltas_razor.g.cs(417,334): warning CS8669: La anotaci├│n de tipos de referencia que aceptan valores NULL solo se debe usar en el c├│digo en un contexto de anotaciones "#nullable". El c├│digo generado autom├íticamente requiere una directiva "#nullable" expl├¡cita en el c├│digo fuente. [C:\Users\HWLScuffi\workspace\Gestor-OT\src\GestorOT.Client\GestorOT.Client.csproj]
C:\Users\HWLScuffi\workspace\Gestor-OT\src\GestorOT.Client\obj\Debug\net10.0\Microsoft.CodeAnalysis.Razor.Compiler\Microsoft.NET.Sdk.Razor.SourceGenerators.RazorSourceGenerator\Pages\LaboresSueltas_razor.g.cs(418,87): warning CS8669: La anotaci├│n de tipos de referencia que aceptan valores NULL solo se debe usar en el c├│digo en un contexto de anotaciones "#nullable". El c├│digo generado autom├íticamente requiere una directiva "#nullable" expl├¡cita en el c├│digo fuente. [C:\Users\HWLScuffi\workspace\Gestor-OT\src\GestorOT.Client\GestorOT.Client.csproj]
C:\Users\HWLScuffi\workspace\Gestor-OT\src\GestorOT.Client\obj\Debug\net10.0\Microsoft.CodeAnalysis.Razor.Compiler\Microsoft.NET.Sdk.Razor.SourceGenerators.RazorSourceGenerator\Pages\LaboresSueltas_razor.g.cs(418,267): warning CS8669: La anotaci├│n de tipos de referencia que aceptan valores NULL solo se debe usar en el c├│digo en un contexto de anotaciones "#nullable". El c├│digo generado autom├íticamente requiere una directiva "#nullable" expl├¡cita en el c├│digo fuente. [C:\Users\HWLScuffi\workspace\Gestor-OT\src\GestorOT.Client\GestorOT.Client.csproj]
C:\Users\HWLScuffi\workspace\Gestor-OT\src\GestorOT.Client\obj\Debug\net10.0\Microsoft.CodeAnalysis.Razor.Compiler\Microsoft.NET.Sdk.Razor.SourceGenerators.RazorSourceGenerator\Pages\LaboresSueltas_razor.g.cs(437,98): warning CS8669: La anotaci├│n de tipos de referencia que aceptan valores NULL solo se debe usar en el c├│digo en un contexto de anotaciones "#nullable". El c├│digo generado autom├íticamente requiere una directiva "#nullable" expl├¡cita en el c├│digo fuente. [C:\Users\HWLScuffi\workspace\Gestor-OT\src\GestorOT.Client\GestorOT.Client.csproj]
C:\Users\HWLScuffi\workspace\Gestor-OT\src\GestorOT.Client\obj\Debug\net10.0\Microsoft.CodeAnalysis.Razor.Compiler\Microsoft.NET.Sdk.Razor.SourceGenerators.RazorSourceGenerator\Pages\LaboresSueltas_razor.g.cs(445,108): warning CS8669: La anotaci├│n de tipos de referencia que aceptan valores NULL solo se debe usar en el c├│digo en un contexto de anotaciones "#nullable". El c├│digo generado autom├íticamente requiere una directiva "#nullable" expl├¡cita en el c├│digo fuente. [C:\Users\HWLScuffi\workspace\Gestor-OT\src\GestorOT.Client\GestorOT.Client.csproj]
C:\Users\HWLScuffi\workspace\Gestor-OT\src\GestorOT.Client\obj\Debug\net10.0\Microsoft.CodeAnalysis.Razor.Compiler\Microsoft.NET.Sdk.Razor.SourceGenerators.RazorSourceGenerator\Pages\LaboresSueltas_razor.g.cs(454,98): warning CS8669: La anotaci├│n de tipos de referencia que aceptan valores NULL solo se debe usar en el c├│digo en un contexto de anotaciones "#nullable". El c├│digo generado autom├íticamente requiere una directiva "#nullable" expl├¡cita en el c├│digo fuente. [C:\Users\HWLScuffi\workspace\Gestor-OT\src\GestorOT.Client\GestorOT.Client.csproj]
C:\Users\HWLScuffi\workspace\Gestor-OT\src\GestorOT.Client\obj\Debug\net10.0\Microsoft.CodeAnalysis.Razor.Compiler\Microsoft.NET.Sdk.Razor.SourceGenerators.RazorSourceGenerator\Pages\LaboresSueltas_razor.g.cs(482,98): warning CS8669: La anotaci├│n de tipos de referencia que aceptan valores NULL solo se debe usar en el c├│digo en un contexto de anotaciones "#nullable". El c├│digo generado autom├íticamente requiere una directiva "#nullable" expl├¡cita en el c├│digo fuente. [C:\Users\HWLScuffi\workspace\Gestor-OT\src\GestorOT.Client\GestorOT.Client.csproj]
C:\Users\HWLScuffi\workspace\Gestor-OT\src\GestorOT.Client\obj\Debug\net10.0\Microsoft.CodeAnalysis.Razor.Compiler\Microsoft.NET.Sdk.Razor.SourceGenerators.RazorSourceGenerator\Pages\LaboresSueltas_razor.g.cs(490,108): warning CS8669: La anotaci├│n de tipos de referencia que aceptan valores NULL solo se debe usar en el c├│digo en un contexto de anotaciones "#nullable". El c├│digo generado autom├íticamente requiere una directiva "#nullable" expl├¡cita en el c├│digo fuente. [C:\Users\HWLScuffi\workspace\Gestor-OT\src\GestorOT.Client\GestorOT.Client.csproj]
C:\Users\HWLScuffi\workspace\Gestor-OT\src\GestorOT.Client\obj\Debug\net10.0\Microsoft.CodeAnalysis.Razor.Compiler\Microsoft.NET.Sdk.Razor.SourceGenerators.RazorSourceGenerator\Pages\LaboresSueltas_razor.g.cs(499,98): warning CS8669: La anotaci├│n de tipos de referencia que aceptan valores NULL solo se debe usar en el c├│digo en un contexto de anotaciones "#nullable". El c├│digo generado autom├íticamente requiere una directiva "#nullable" expl├¡cita en el c├│digo fuente. [C:\Users\HWLScuffi\workspace\Gestor-OT\src\GestorOT.Client\GestorOT.Client.csproj]
C:\Users\HWLScuffi\workspace\Gestor-OT\src\GestorOT.Client\obj\Debug\net10.0\Microsoft.CodeAnalysis.Razor.Compiler\Microsoft.NET.Sdk.Razor.SourceGenerators.RazorSourceGenerator\Pages\LaboresSueltas_razor.g.cs(527,98): warning CS8669: La anotaci├│n de tipos de referencia que aceptan valores NULL solo se debe usar en el c├│digo en un contexto de anotaciones "#nullable". El c├│digo generado autom├íticamente requiere una directiva "#nullable" expl├¡cita en el c├│digo fuente. [C:\Users\HWLScuffi\workspace\Gestor-OT\src\GestorOT.Client\GestorOT.Client.csproj]
C:\Users\HWLScuffi\workspace\Gestor-OT\src\GestorOT.Client\obj\Debug\net10.0\Microsoft.CodeAnalysis.Razor.Compiler\Microsoft.NET.Sdk.Razor.SourceGenerators.RazorSourceGenerator\Pages\LaboresSueltas_razor.g.cs(535,108): warning CS8669: La anotaci├│n de tipos de referencia que aceptan valores NULL solo se debe usar en el c├│digo en un contexto de anotaciones "#nullable". El c├│digo generado autom├íticamente requiere una directiva "#nullable" expl├¡cita en el c├│digo fuente. [C:\Users\HWLScuffi\workspace\Gestor-OT\src\GestorOT.Client\GestorOT.Client.csproj]
C:\Users\HWLScuffi\workspace\Gestor-OT\src\GestorOT.Client\obj\Debug\net10.0\Microsoft.CodeAnalysis.Razor.Compiler\Microsoft.NET.Sdk.Razor.SourceGenerators.RazorSourceGenerator\Pages\LaboresSueltas_razor.g.cs(544,98): warning CS8669: La anotaci├│n de tipos de referencia que aceptan valores NULL solo se debe usar en el c├│digo en un contexto de anotaciones "#nullable". El c├│digo generado autom├íticamente requiere una directiva "#nullable" expl├¡cita en el c├│digo fuente. [C:\Users\HWLScuffi\workspace\Gestor-OT\src\GestorOT.Client\GestorOT.Client.csproj]
C:\Users\HWLScuffi\workspace\Gestor-OT\src\GestorOT.Client\Pages\LaboresSueltas.razor(99,108): warning CS4014: Como esta llamada no es 'awaited', la ejecuci├│n del m├®todo actual continuar├í antes de que se complete la llamada. Puede aplicar el operador 'await' al resultado de la llamada. [C:\Users\HWLScuffi\workspace\Gestor-OT\src\GestorOT.Client\GestorOT.Client.csproj]
C:\Users\HWLScuffi\workspace\Gestor-OT\src\GestorOT.Client\obj\Debug\net10.0\Microsoft.CodeAnalysis.Razor.Compiler\Microsoft.NET.Sdk.Razor.SourceGenerators.RazorSourceGenerator\Pages\LaboresSueltas_razor.g.cs(2058,62): warning CS0618: 'Selection.Key' est├í obsoleto: 'Please use the RowKey of Table instead.' [C:\Users\HWLScuffi\workspace\Gestor-OT\src\GestorOT.Client\GestorOT.Client.csproj]
C:\Users\HWLScuffi\workspace\Gestor-OT\src\GestorOT.Client\Pages\LaboresSueltas.razor(223,75): warning CS4014: Como esta llamada no es 'awaited', la ejecuci├│n del m├®todo actual continuar├í antes de que se complete la llamada. Puede aplicar el operador 'await' al resultado de la llamada. [C:\Users\HWLScuffi\workspace\Gestor-OT\src\GestorOT.Client\GestorOT.Client.csproj]
C:\Users\HWLScuffi\workspace\Gestor-OT\src\GestorOT.Client\Pages\LaboresSueltas.razor(449,9): warning CS4014: Como esta llamada no es 'awaited', la ejecuci├│n del m├®todo actual continuar├í antes de que se complete la llamada. Puede aplicar el operador 'await' al resultado de la llamada. [C:\Users\HWLScuffi\workspace\Gestor-OT\src\GestorOT.Client\GestorOT.Client.csproj]
C:\Users\HWLScuffi\workspace\Gestor-OT\src\GestorOT.Client\Pages\WorkOrderDetailFinal.razor(40,106): warning CS8602: Desreferencia de una referencia posiblemente NULL. [C:\Users\HWLScuffi\workspace\Gestor-OT\src\GestorOT.Client\GestorOT.Client.csproj]
C:\Users\HWLScuffi\workspace\Gestor-OT\src\GestorOT.Client\obj\Debug\net10.0\Microsoft.CodeAnalysis.Razor.Compiler\Microsoft.NET.Sdk.Razor.SourceGenerators.RazorSourceGenerator\Pages\Lotes_razor.g.cs(254,56): warning CS0618: 'Checkbox.CheckedExpression' est├í obsoleto: 'Currently not implemented' [C:\Users\HWLScuffi\workspace\Gestor-OT\src\GestorOT.Client\GestorOT.Client.csproj]
C:\Users\HWLScuffi\workspace\Gestor-OT\src\GestorOT.Client\Components\LaborEditorForm.razor(540,24): warning CS8619: La nulabilidad de los tipos de referencia en el valor de tipo "Task<List<CampaignLotDto>?>" no coincide con el tipo de destino "Task<List<CampaignLotDto>>". [C:\Users\HWLScuffi\workspace\Gestor-OT\src\GestorOT.Client\GestorOT.Client.csproj]
C:\Users\HWLScuffi\workspace\Gestor-OT\src\GestorOT.Client\Components\LaborEditorForm.razor(645,25): warning CS8625: No se puede convertir un literal NULL en un tipo de referencia que no acepta valores NULL. [C:\Users\HWLScuffi\workspace\Gestor-OT\src\GestorOT.Client\GestorOT.Client.csproj]
C:\Users\HWLScuffi\workspace\Gestor-OT\src\GestorOT.Client\Components\LaborEditorForm.razor(645,31): warning CS8604: Posible argumento de referencia nulo para el par├ímetro "UnitB" en "InventoryDto.InventoryDto(Guid Id, string Category, string ItemName, double CurrentStock, double ReorderLevel, string UnitA = "", string UnitB = "", double ConversionFactor = 1, string? GrupoConcepto = null, string? SubGrupoConcepto = null)". [C:\Users\HWLScuffi\workspace\Gestor-OT\src\GestorOT.Client\GestorOT.Client.csproj]
C:\Users\HWLScuffi\workspace\Gestor-OT\src\GestorOT.Client\Components\LaborEditorForm.razor(898,114): warning CS8625: No se puede convertir un literal NULL en un tipo de referencia que no acepta valores NULL. [C:\Users\HWLScuffi\workspace\Gestor-OT\src\GestorOT.Client\GestorOT.Client.csproj]
C:\Users\HWLScuffi\workspace\Gestor-OT\src\GestorOT.Client\Components\LaborEditorForm.razor(898,120): warning CS8604: Posible argumento de referencia nulo para el par├ímetro "UnitB" en "InventoryDto.InventoryDto(Guid Id, string Category, string ItemName, double CurrentStock, double ReorderLevel, string UnitA = "", string UnitB = "", double ConversionFactor = 1, string? GrupoConcepto = null, string? SubGrupoConcepto = null)". [C:\Users\HWLScuffi\workspace\Gestor-OT\src\GestorOT.Client\GestorOT.Client.csproj]
C:\Users\HWLScuffi\workspace\Gestor-OT\src\GestorOT.Client\Components\LaborEditorForm.razor(914,105): warning CS8625: No se puede convertir un literal NULL en un tipo de referencia que no acepta valores NULL. [C:\Users\HWLScuffi\workspace\Gestor-OT\src\GestorOT.Client\GestorOT.Client.csproj]
C:\Users\HWLScuffi\workspace\Gestor-OT\src\GestorOT.Client\Components\LaborEditorForm.razor(914,111): warning CS8604: Posible argumento de referencia nulo para el par├ímetro "UnitB" en "InventoryDto.InventoryDto(Guid Id, string Category, string ItemName, double CurrentStock, double ReorderLevel, string UnitA = "", string UnitB = "", double ConversionFactor = 1, string? GrupoConcepto = null, string? SubGrupoConcepto = null)". [C:\Users\HWLScuffi\workspace\Gestor-OT\src\GestorOT.Client\GestorOT.Client.csproj]
C:\Users\HWLScuffi\workspace\Gestor-OT\src\GestorOT.Client\Pages\PlaneamientoOriginal.razor(138,100): warning CS4014: Como esta llamada no es 'awaited', la ejecuci├│n del m├®todo actual continuar├í antes de que se complete la llamada. Puede aplicar el operador 'await' al resultado de la llamada. [C:\Users\HWLScuffi\workspace\Gestor-OT\src\GestorOT.Client\GestorOT.Client.csproj]
C:\Users\HWLScuffi\workspace\Gestor-OT\src\GestorOT.Client\obj\Debug\net10.0\Microsoft.CodeAnalysis.Razor.Compiler\Microsoft.NET.Sdk.Razor.SourceGenerators.RazorSourceGenerator\Pages\OrdenesTrabajos_razor.g.cs(2336,78): warning CS0618: 'Checkbox.CheckedExpression' est├í obsoleto: 'Currently not implemented' [C:\Users\HWLScuffi\workspace\Gestor-OT\src\GestorOT.Client\GestorOT.Client.csproj]
C:\Users\HWLScuffi\workspace\Gestor-OT\src\GestorOT.Client\obj\Debug\net10.0\Microsoft.CodeAnalysis.Razor.Compiler\Microsoft.NET.Sdk.Razor.SourceGenerators.RazorSourceGenerator\Pages\OrdenesTrabajos_razor.g.cs(2362,78): warning CS0618: 'Checkbox.CheckedExpression' est├í obsoleto: 'Currently not implemented' [C:\Users\HWLScuffi\workspace\Gestor-OT\src\GestorOT.Client\GestorOT.Client.csproj]
C:\Users\HWLScuffi\workspace\Gestor-OT\src\GestorOT.Client\Pages\LaboresSueltas.razor(412,23): warning CS0169: El campo 'LaboresSueltas._laborToExecute' nunca se usa [C:\Users\HWLScuffi\workspace\Gestor-OT\src\GestorOT.Client\GestorOT.Client.csproj]
C:\Users\HWLScuffi\workspace\Gestor-OT\src\GestorOT.Client\Pages\PlaneamientoOriginal.razor(148,18): warning CS0169: El campo 'PlaneamientoOriginal._showModal' nunca se usa [C:\Users\HWLScuffi\workspace\Gestor-OT\src\GestorOT.Client\GestorOT.Client.csproj]
C:\Users\HWLScuffi\workspace\Gestor-OT\src\GestorOT.Client\Pages\PlaneamientoOriginal.razor(151,23): warning CS0169: El campo 'PlaneamientoOriginal._selectedLabor' nunca se usa [C:\Users\HWLScuffi\workspace\Gestor-OT\src\GestorOT.Client\GestorOT.Client.csproj]
C:\Users\HWLScuffi\workspace\Gestor-OT\src\GestorOT.Client\Pages\LaboresSueltas.razor(410,18): warning CS0169: El campo 'LaboresSueltas._executeModalOpen' nunca se usa [C:\Users\HWLScuffi\workspace\Gestor-OT\src\GestorOT.Client\GestorOT.Client.csproj]
C:\Users\HWLScuffi\workspace\Gestor-OT\src\GestorOT.Client\Pages\LaboresSueltas.razor(411,18): warning CS0169: El campo 'LaboresSueltas._executing' nunca se usa [C:\Users\HWLScuffi\workspace\Gestor-OT\src\GestorOT.Client\GestorOT.Client.csproj]

ERROR al compilar.

C:\Users\HWLScuffi\workspace\Gestor-OT\src\GestorOT.Client\Pages\OTDetalleFinalBase.cs(150,21): warning CS4014: Como esta llamada no es 'awaited', la ejecuci├│n del m├®todo actual continuar├í antes de que se complete la llamada. Puede aplicar el operador 'await' al resultado de la llamada. [C:\Users\HWLScuffi\workspace\Gestor-OT\src\GestorOT.Client\GestorOT.Client.csproj]
C:\Users\HWLScuffi\workspace\Gestor-OT\src\GestorOT.Client\Pages\OTDetalleFinalBase.cs(155,17): warning CS4014: Como esta llamada no es 'awaited', la ejecuci├│n del m├®todo actual continuar├í antes de que se complete la llamada. Puede aplicar el operador 'await' al resultado de la llamada. [C:\Users\HWLScuffi\workspace\Gestor-OT\src\GestorOT.Client\GestorOT.Client.csproj]
C:\Users\HWLScuffi\workspace\Gestor-OT\src\GestorOT.Client\Pages\OTDetalleFinalBase.cs(209,13): warning CS4014: Como esta llamada no es 'awaited', la ejecuci├│n del m├®todo actual continuar├í antes de que se complete la llamada. Puede aplicar el operador 'await' al resultado de la llamada. [C:\Users\HWLScuffi\workspace\Gestor-OT\src\GestorOT.Client\GestorOT.Client.csproj]
C:\Users\HWLScuffi\workspace\Gestor-OT\src\GestorOT.Client\obj\Debug\net10.0\Microsoft.CodeAnalysis.Razor.Compiler\Microsoft.NET.Sdk.Razor.SourceGenerators.RazorSourceGenerator\Pages\Admin\WorkOrderStatuses_razor.g.cs(862,70): warning CS0618: 'Checkbox.CheckedExpression' est├í obsoleto: 'Currently not implemented' [C:\Users\HWLScuffi\workspace\Gestor-OT\src\GestorOT.Client\GestorOT.Client.csproj]
C:\Users\HWLScuffi\workspace\Gestor-OT\src\GestorOT.Client\obj\Debug\net10.0\Microsoft.CodeAnalysis.Razor.Compiler\Microsoft.NET.Sdk.Razor.SourceGenerators.RazorSourceGenerator\Pages\Admin\WorkOrderStatuses_razor.g.cs(888,70): warning CS0618: 'Checkbox.CheckedExpression' est├í obsoleto: 'Currently not implemented' [C:\Users\HWLScuffi\workspace\Gestor-OT\src\GestorOT.Client\GestorOT.Client.csproj]
C:\Users\HWLScuffi\workspace\Gestor-OT\src\GestorOT.Client\obj\Debug\net10.0\Microsoft.CodeAnalysis.Razor.Compiler\Microsoft.NET.Sdk.Razor.SourceGenerators.RazorSourceGenerator\Components\StrategyLaborWizard_razor.g.cs(376,73): warning CS0618: 'Checkbox.CheckedExpression' est├í obsoleto: 'Currently not implemented' [C:\Users\HWLScuffi\workspace\Gestor-OT\src\GestorOT.Client\GestorOT.Client.csproj]
C:\Users\HWLScuffi\workspace\Gestor-OT\src\GestorOT.Client\obj\Debug\net10.0\Microsoft.CodeAnalysis.Razor.Compiler\Microsoft.NET.Sdk.Razor.SourceGenerators.RazorSourceGenerator\Components\StrategyLaborWizard_razor.g.cs(1086,66): warning CS0618: 'Checkbox.CheckedExpression' est├í obsoleto: 'Currently not implemented' [C:\Users\HWLScuffi\workspace\Gestor-OT\src\GestorOT.Client\GestorOT.Client.csproj]
C:\Users\HWLScuffi\workspace\Gestor-OT\src\GestorOT.Client\obj\Debug\net10.0\Microsoft.CodeAnalysis.Razor.Compiler\Microsoft.NET.Sdk.Razor.SourceGenerators.RazorSourceGenerator\Components\StrategyLaborWizard_razor.g.cs(2069,57): warning CS0618: 'Checkbox.CheckedExpression' est├í obsoleto: 'Currently not implemented' [C:\Users\HWLScuffi\workspace\Gestor-OT\src\GestorOT.Client\GestorOT.Client.csproj]
C:\Users\HWLScuffi\workspace\Gestor-OT\src\GestorOT.Client\obj\Debug\net10.0\Microsoft.CodeAnalysis.Razor.Compiler\Microsoft.NET.Sdk.Razor.SourceGenerators.RazorSourceGenerator\Pages\Campanias_razor.g.cs(2945,70): warning CS0618: 'Checkbox.CheckedExpression' est├í obsoleto: 'Currently not implemented' [C:\Users\HWLScuffi\workspace\Gestor-OT\src\GestorOT.Client\GestorOT.Client.csproj]
C:\Users\HWLScuffi\workspace\Gestor-OT\src\GestorOT.Client\Pages\WorkPlanner.razor(541,28): warning CS8619: La nulabilidad de los tipos de referencia en el valor de tipo "Task<List<CampaignLotDto>?>" no coincide con el tipo de destino "Task<List<CampaignLotDto>>". [C:\Users\HWLScuffi\workspace\Gestor-OT\src\GestorOT.Client\GestorOT.Client.csproj]
C:\Users\HWLScuffi\workspace\Gestor-OT\src\GestorOT.Client\Components\StrategyLaborWizard.razor(432,35): warning CS8601: Posible asignaci├│n de referencia nula. [C:\Users\HWLScuffi\workspace\Gestor-OT\src\GestorOT.Client\GestorOT.Client.csproj]
C:\Users\HWLScuffi\workspace\Gestor-OT\src\GestorOT.Client\obj\Debug\net10.0\Microsoft.CodeAnalysis.Razor.Compiler\Microsoft.NET.Sdk.Razor.SourceGenerators.RazorSourceGenerator\Pages\Campos_razor.g.cs(254,56): warning CS0618: 'Checkbox.CheckedExpression' est├í obsoleto: 'Currently not implemented' [C:\Users\HWLScuffi\workspace\Gestor-OT\src\GestorOT.Client\GestorOT.Client.csproj]
C:\Users\HWLScuffi\workspace\Gestor-OT\src\GestorOT.Client\obj\Debug\net10.0\Microsoft.CodeAnalysis.Razor.Compiler\Microsoft.NET.Sdk.Razor.SourceGenerators.RazorSourceGenerator\Pages\LaboresSueltas_razor.g.cs(182,87): warning CS8669: La anotaci├│n de tipos de referencia que aceptan valores NULL solo se debe usar en el c├│digo en un contexto de anotaciones "#nullable". El c├│digo generado autom├íticamente requiere una directiva "#nullable" expl├¡cita en el c├│digo fuente. [C:\Users\HWLScuffi\workspace\Gestor-OT\src\GestorOT.Client\GestorOT.Client.csproj]
C:\Users\HWLScuffi\workspace\Gestor-OT\src\GestorOT.Client\obj\Debug\net10.0\Microsoft.CodeAnalysis.Razor.Compiler\Microsoft.NET.Sdk.Razor.SourceGenerators.RazorSourceGenerator\Pages\LaboresSueltas_razor.g.cs(191,87): warning CS8669: La anotaci├│n de tipos de referencia que aceptan valores NULL solo se debe usar en el c├│digo en un contexto de anotaciones "#nullable". El c├│digo generado autom├íticamente requiere una directiva "#nullable" expl├¡cita en el c├│digo fuente. [C:\Users\HWLScuffi\workspace\Gestor-OT\src\GestorOT.Client\GestorOT.Client.csproj]
C:\Users\HWLScuffi\workspace\Gestor-OT\src\GestorOT.Client\obj\Debug\net10.0\Microsoft.CodeAnalysis.Razor.Compiler\Microsoft.NET.Sdk.Razor.SourceGenerators.RazorSourceGenerator\Pages\LaboresSueltas_razor.g.cs(200,87): warning CS8669: La anotaci├│n de tipos de referencia que aceptan valores NULL solo se debe usar en el c├│digo en un contexto de anotaciones "#nullable". El c├│digo generado autom├íticamente requiere una directiva "#nullable" expl├¡cita en el c├│digo fuente. [C:\Users\HWLScuffi\workspace\Gestor-OT\src\GestorOT.Client\GestorOT.Client.csproj]
C:\Users\HWLScuffi\workspace\Gestor-OT\src\GestorOT.Client\obj\Debug\net10.0\Microsoft.CodeAnalysis.Razor.Compiler\Microsoft.NET.Sdk.Razor.SourceGenerators.RazorSourceGenerator\Pages\LaboresSueltas_razor.g.cs(209,87): warning CS8669: La anotaci├│n de tipos de referencia que aceptan valores NULL solo se debe usar en el c├│digo en un contexto de anotaciones "#nullable". El c├│digo generado autom├íticamente requiere una directiva "#nullable" expl├¡cita en el c├│digo fuente. [C:\Users\HWLScuffi\workspace\Gestor-OT\src\GestorOT.Client\GestorOT.Client.csproj]
C:\Users\HWLScuffi\workspace\Gestor-OT\src\GestorOT.Client\obj\Debug\net10.0\Microsoft.CodeAnalysis.Razor.Compiler\Microsoft.NET.Sdk.Razor.SourceGenerators.RazorSourceGenerator\Pages\LaboresSueltas_razor.g.cs(226,87): warning CS8669: La anotaci├│n de tipos de referencia que aceptan valores NULL solo se debe usar en el c├│digo en un contexto de anotaciones "#nullable". El c├│digo generado autom├íticamente requiere una directiva "#nullable" expl├¡cita en el c├│digo fuente. [C:\Users\HWLScuffi\workspace\Gestor-OT\src\GestorOT.Client\GestorOT.Client.csproj]
C:\Users\HWLScuffi\workspace\Gestor-OT\src\GestorOT.Client\obj\Debug\net10.0\Microsoft.CodeAnalysis.Razor.Compiler\Microsoft.NET.Sdk.Razor.SourceGenerators.RazorSourceGenerator\Pages\LaboresSueltas_razor.g.cs(234,104): warning CS8669: La anotaci├│n de tipos de referencia que aceptan valores NULL solo se debe usar en el c├│digo en un contexto de anotaciones "#nullable". El c├│digo generado autom├íticamente requiere una directiva "#nullable" expl├¡cita en el c├│digo fuente. [C:\Users\HWLScuffi\workspace\Gestor-OT\src\GestorOT.Client\GestorOT.Client.csproj]
C:\Users\HWLScuffi\workspace\Gestor-OT\src\GestorOT.Client\obj\Debug\net10.0\Microsoft.CodeAnalysis.Razor.Compiler\Microsoft.NET.Sdk.Razor.SourceGenerators.RazorSourceGenerator\Pages\LaboresSueltas_razor.g.cs(243,87): warning CS8669: La anotaci├│n de tipos de referencia que aceptan valores NULL solo se debe usar en el c├│digo en un contexto de anotaciones "#nullable". El c├│digo generado autom├íticamente requiere una directiva "#nullable" expl├¡cita en el c├│digo fuente. [C:\Users\HWLScuffi\workspace\Gestor-OT\src\GestorOT.Client\GestorOT.Client.csproj]
C:\Users\HWLScuffi\workspace\Gestor-OT\src\GestorOT.Client\obj\Debug\net10.0\Microsoft.CodeAnalysis.Razor.Compiler\Microsoft.NET.Sdk.Razor.SourceGenerators.RazorSourceGenerator\Pages\LaboresSueltas_razor.g.cs(243,255): warning CS8669: La anotaci├│n de tipos de referencia que aceptan valores NULL solo se debe usar en el c├│digo en un contexto de anotaciones "#nullable". El c├│digo generado autom├íticamente requiere una directiva "#nullable" expl├¡cita en el c├│digo fuente. [C:\Users\HWLScuffi\workspace\Gestor-OT\src\GestorOT.Client\GestorOT.Client.csproj]
C:\Users\HWLScuffi\workspace\Gestor-OT\src\GestorOT.Client\obj\Debug\net10.0\Microsoft.CodeAnalysis.Razor.Compiler\Microsoft.NET.Sdk.Razor.SourceGenerators.RazorSourceGenerator\Pages\LaboresSueltas_razor.g.cs(243,334): warning CS8669: La anotaci├│n de tipos de referencia que aceptan valores NULL solo se debe usar en el c├│digo en un contexto de anotaciones "#nullable". El c├│digo generado autom├íticamente requiere una directiva "#nullable" expl├¡cita en el c├│digo fuente. [C:\Users\HWLScuffi\workspace\Gestor-OT\src\GestorOT.Client\GestorOT.Client.csproj]
C:\Users\HWLScuffi\workspace\Gestor-OT\src\GestorOT.Client\obj\Debug\net10.0\Microsoft.CodeAnalysis.Razor.Compiler\Microsoft.NET.Sdk.Razor.SourceGenerators.RazorSourceGenerator\Pages\LaboresSueltas_razor.g.cs(244,87): warning CS8669: La anotaci├│n de tipos de referencia que aceptan valores NULL solo se debe usar en el c├│digo en un contexto de anotaciones "#nullable". El c├│digo generado autom├íticamente requiere una directiva "#nullable" expl├¡cita en el c├│digo fuente. [C:\Users\HWLScuffi\workspace\Gestor-OT\src\GestorOT.Client\GestorOT.Client.csproj]
C:\Users\HWLScuffi\workspace\Gestor-OT\src\GestorOT.Client\obj\Debug\net10.0\Microsoft.CodeAnalysis.Razor.Compiler\Microsoft.NET.Sdk.Razor.SourceGenerators.RazorSourceGenerator\Pages\LaboresSueltas_razor.g.cs(244,267): warning CS8669: La anotaci├│n de tipos de referencia que aceptan valores NULL solo se debe usar en el c├│digo en un contexto de anotaciones "#nullable". El c├│digo generado autom├íticamente requiere una directiva "#nullable" expl├¡cita en el c├│digo fuente. [C:\Users\HWLScuffi\workspace\Gestor-OT\src\GestorOT.Client\GestorOT.Client.csproj]
C:\Users\HWLScuffi\workspace\Gestor-OT\src\GestorOT.Client\obj\Debug\net10.0\Microsoft.CodeAnalysis.Razor.Compiler\Microsoft.NET.Sdk.Razor.SourceGenerators.RazorSourceGenerator\Pages\LaboresSueltas_razor.g.cs(263,98): warning CS8669: La anotaci├│n de tipos de referencia que aceptan valores NULL solo se debe usar en el c├│digo en un contexto de anotaciones "#nullable". El c├│digo generado autom├íticamente requiere una directiva "#nullable" expl├¡cita en el c├│digo fuente. [C:\Users\HWLScuffi\workspace\Gestor-OT\src\GestorOT.Client\GestorOT.Client.csproj]
C:\Users\HWLScuffi\workspace\Gestor-OT\src\GestorOT.Client\obj\Debug\net10.0\Microsoft.CodeAnalysis.Razor.Compiler\Microsoft.NET.Sdk.Razor.SourceGenerators.RazorSourceGenerator\Pages\LaboresSueltas_razor.g.cs(271,108): warning CS8669: La anotaci├│n de tipos de referencia que aceptan valores NULL solo se debe usar en el c├│digo en un contexto de anotaciones "#nullable". El c├│digo generado autom├íticamente requiere una directiva "#nullable" expl├¡cita en el c├│digo fuente. [C:\Users\HWLScuffi\workspace\Gestor-OT\src\GestorOT.Client\GestorOT.Client.csproj]
C:\Users\HWLScuffi\workspace\Gestor-OT\src\GestorOT.Client\obj\Debug\net10.0\Microsoft.CodeAnalysis.Razor.Compiler\Microsoft.NET.Sdk.Razor.SourceGenerators.RazorSourceGenerator\Pages\LaboresSueltas_razor.g.cs(280,98): warning CS8669: La anotaci├│n de tipos de referencia que aceptan valores NULL solo se debe usar en el c├│digo en un contexto de anotaciones "#nullable". El c├│digo generado autom├íticamente requiere una directiva "#nullable" expl├¡cita en el c├│digo fuente. [C:\Users\HWLScuffi\workspace\Gestor-OT\src\GestorOT.Client\GestorOT.Client.csproj]
C:\Users\HWLScuffi\workspace\Gestor-OT\src\GestorOT.Client\obj\Debug\net10.0\Microsoft.CodeAnalysis.Razor.Compiler\Microsoft.NET.Sdk.Razor.SourceGenerators.RazorSourceGenerator\Pages\LaboresSueltas_razor.g.cs(308,98): warning CS8669: La anotaci├│n de tipos de referencia que aceptan valores NULL solo se debe usar en el c├│digo en un contexto de anotaciones "#nullable". El c├│digo generado autom├íticamente requiere una directiva "#nullable" expl├¡cita en el c├│digo fuente. [C:\Users\HWLScuffi\workspace\Gestor-OT\src\GestorOT.Client\GestorOT.Client.csproj]
C:\Users\HWLScuffi\workspace\Gestor-OT\src\GestorOT.Client\obj\Debug\net10.0\Microsoft.CodeAnalysis.Razor.Compiler\Microsoft.NET.Sdk.Razor.SourceGenerators.RazorSourceGenerator\Pages\LaboresSueltas_razor.g.cs(316,108): warning CS8669: La anotaci├│n de tipos de referencia que aceptan valores NULL solo se debe usar en el c├│digo en un contexto de anotaciones "#nullable". El c├│digo generado autom├íticamente requiere una directiva "#nullable" expl├¡cita en el c├│digo fuente. [C:\Users\HWLScuffi\workspace\Gestor-OT\src\GestorOT.Client\GestorOT.Client.csproj]
C:\Users\HWLScuffi\workspace\Gestor-OT\src\GestorOT.Client\obj\Debug\net10.0\Microsoft.CodeAnalysis.Razor.Compiler\Microsoft.NET.Sdk.Razor.SourceGenerators.RazorSourceGenerator\Pages\LaboresSueltas_razor.g.cs(325,98): warning CS8669: La anotaci├│n de tipos de referencia que aceptan valores NULL solo se debe usar en el c├│digo en un contexto de anotaciones "#nullable". El c├│digo generado autom├íticamente requiere una directiva "#nullable" expl├¡cita en el c├│digo fuente. [C:\Users\HWLScuffi\workspace\Gestor-OT\src\GestorOT.Client\GestorOT.Client.csproj]
C:\Users\HWLScuffi\workspace\Gestor-OT\src\GestorOT.Client\obj\Debug\net10.0\Microsoft.CodeAnalysis.Razor.Compiler\Microsoft.NET.Sdk.Razor.SourceGenerators.RazorSourceGenerator\Pages\LaboresSueltas_razor.g.cs(356,87): warning CS8669: La anotaci├│n de tipos de referencia que aceptan valores NULL solo se debe usar en el c├│digo en un contexto de anotaciones "#nullable". El c├│digo generado autom├íticamente requiere una directiva "#nullable" expl├¡cita en el c├│digo fuente. [C:\Users\HWLScuffi\workspace\Gestor-OT\src\GestorOT.Client\GestorOT.Client.csproj]
C:\Users\HWLScuffi\workspace\Gestor-OT\src\GestorOT.Client\obj\Debug\net10.0\Microsoft.CodeAnalysis.Razor.Compiler\Microsoft.NET.Sdk.Razor.SourceGenerators.RazorSourceGenerator\Pages\LaboresSueltas_razor.g.cs(365,87): warning CS8669: La anotaci├│n de tipos de referencia que aceptan valores NULL solo se debe usar en el c├│digo en un contexto de anotaciones "#nullable". El c├│digo generado autom├íticamente requiere una directiva "#nullable" expl├¡cita en el c├│digo fuente. [C:\Users\HWLScuffi\workspace\Gestor-OT\src\GestorOT.Client\GestorOT.Client.csproj]
C:\Users\HWLScuffi\workspace\Gestor-OT\src\GestorOT.Client\obj\Debug\net10.0\Microsoft.CodeAnalysis.Razor.Compiler\Microsoft.NET.Sdk.Razor.SourceGenerators.RazorSourceGenerator\Pages\LaboresSueltas_razor.g.cs(374,87): warning CS8669: La anotaci├│n de tipos de referencia que aceptan valores NULL solo se debe usar en el c├│digo en un contexto de anotaciones "#nullable". El c├│digo generado autom├íticamente requiere una directiva "#nullable" expl├¡cita en el c├│digo fuente. [C:\Users\HWLScuffi\workspace\Gestor-OT\src\GestorOT.Client\GestorOT.Client.csproj]
C:\Users\HWLScuffi\workspace\Gestor-OT\src\GestorOT.Client\obj\Debug\net10.0\Microsoft.CodeAnalysis.Razor.Compiler\Microsoft.NET.Sdk.Razor.SourceGenerators.RazorSourceGenerator\Pages\LaboresSueltas_razor.g.cs(383,87): warning CS8669: La anotaci├│n de tipos de referencia que aceptan valores NULL solo se debe usar en el c├│digo en un contexto de anotaciones "#nullable". El c├│digo generado autom├íticamente requiere una directiva "#nullable" expl├¡cita en el c├│digo fuente. [C:\Users\HWLScuffi\workspace\Gestor-OT\src\GestorOT.Client\GestorOT.Client.csproj]
C:\Users\HWLScuffi\workspace\Gestor-OT\src\GestorOT.Client\obj\Debug\net10.0\Microsoft.CodeAnalysis.Razor.Compiler\Microsoft.NET.Sdk.Razor.SourceGenerators.RazorSourceGenerator\Pages\LaboresSueltas_razor.g.cs(400,87): warning CS8669: La anotaci├│n de tipos de referencia que aceptan valores NULL solo se debe usar en el c├│digo en un contexto de anotaciones "#nullable". El c├│digo generado autom├íticamente requiere una directiva "#nullable" expl├¡cita en el c├│digo fuente. [C:\Users\HWLScuffi\workspace\Gestor-OT\src\GestorOT.Client\GestorOT.Client.csproj]
C:\Users\HWLScuffi\workspace\Gestor-OT\src\GestorOT.Client\obj\Debug\net10.0\Microsoft.CodeAnalysis.Razor.Compiler\Microsoft.NET.Sdk.Razor.SourceGenerators.RazorSourceGenerator\Pages\LaboresSueltas_razor.g.cs(408,104): warning CS8669: La anotaci├│n de tipos de referencia que aceptan valores NULL solo se debe usar en el c├│digo en un contexto de anotaciones "#nullable". El c├│digo generado autom├íticamente requiere una directiva "#nullable" expl├¡cita en el c├│digo fuente. [C:\Users\HWLScuffi\workspace\Gestor-OT\src\GestorOT.Client\GestorOT.Client.csproj]
C:\Users\HWLScuffi\workspace\Gestor-OT\src\GestorOT.Client\obj\Debug\net10.0\Microsoft.CodeAnalysis.Razor.Compiler\Microsoft.NET.Sdk.Razor.SourceGenerators.RazorSourceGenerator\Pages\LaboresSueltas_razor.g.cs(417,87): warning CS8669: La anotaci├│n de tipos de referencia que aceptan valores NULL solo se debe usar en el c├│digo en un contexto de anotaciones "#nullable". El c├│digo generado autom├íticamente requiere una directiva "#nullable" expl├¡cita en el c├│digo fuente. [C:\Users\HWLScuffi\workspace\Gestor-OT\src\GestorOT.Client\GestorOT.Client.csproj]
C:\Users\HWLScuffi\workspace\Gestor-OT\src\GestorOT.Client\obj\Debug\net10.0\Microsoft.CodeAnalysis.Razor.Compiler\Microsoft.NET.Sdk.Razor.SourceGenerators.RazorSourceGenerator\Pages\LaboresSueltas_razor.g.cs(417,255): warning CS8669: La anotaci├│n de tipos de referencia que aceptan valores NULL solo se debe usar en el c├│digo en un contexto de anotaciones "#nullable". El c├│digo generado autom├íticamente requiere una directiva "#nullable" expl├¡cita en el c├│digo fuente. [C:\Users\HWLScuffi\workspace\Gestor-OT\src\GestorOT.Client\GestorOT.Client.csproj]
C:\Users\HWLScuffi\workspace\Gestor-OT\src\GestorOT.Client\obj\Debug\net10.0\Microsoft.CodeAnalysis.Razor.Compiler\Microsoft.NET.Sdk.Razor.SourceGenerators.RazorSourceGenerator\Pages\LaboresSueltas_razor.g.cs(417,334): warning CS8669: La anotaci├│n de tipos de referencia que aceptan valores NULL solo se debe usar en el c├│digo en un contexto de anotaciones "#nullable". El c├│digo generado autom├íticamente requiere una directiva "#nullable" expl├¡cita en el c├│digo fuente. [C:\Users\HWLScuffi\workspace\Gestor-OT\src\GestorOT.Client\GestorOT.Client.csproj]
C:\Users\HWLScuffi\workspace\Gestor-OT\src\GestorOT.Client\obj\Debug\net10.0\Microsoft.CodeAnalysis.Razor.Compiler\Microsoft.NET.Sdk.Razor.SourceGenerators.RazorSourceGenerator\Pages\LaboresSueltas_razor.g.cs(418,87): warning CS8669: La anotaci├│n de tipos de referencia que aceptan valores NULL solo se debe usar en el c├│digo en un contexto de anotaciones "#nullable". El c├│digo generado autom├íticamente requiere una directiva "#nullable" expl├¡cita en el c├│digo fuente. [C:\Users\HWLScuffi\workspace\Gestor-OT\src\GestorOT.Client\GestorOT.Client.csproj]
C:\Users\HWLScuffi\workspace\Gestor-OT\src\GestorOT.Client\obj\Debug\net10.0\Microsoft.CodeAnalysis.Razor.Compiler\Microsoft.NET.Sdk.Razor.SourceGenerators.RazorSourceGenerator\Pages\LaboresSueltas_razor.g.cs(418,267): warning CS8669: La anotaci├│n de tipos de referencia que aceptan valores NULL solo se debe usar en el c├│digo en un contexto de anotaciones "#nullable". El c├│digo generado autom├íticamente requiere una directiva "#nullable" expl├¡cita en el c├│digo fuente. [C:\Users\HWLScuffi\workspace\Gestor-OT\src\GestorOT.Client\GestorOT.Client.csproj]
C:\Users\HWLScuffi\workspace\Gestor-OT\src\GestorOT.Client\obj\Debug\net10.0\Microsoft.CodeAnalysis.Razor.Compiler\Microsoft.NET.Sdk.Razor.SourceGenerators.RazorSourceGenerator\Pages\LaboresSueltas_razor.g.cs(437,98): warning CS8669: La anotaci├│n de tipos de referencia que aceptan valores NULL solo se debe usar en el c├│digo en un contexto de anotaciones "#nullable". El c├│digo generado autom├íticamente requiere una directiva "#nullable" expl├¡cita en el c├│digo fuente. [C:\Users\HWLScuffi\workspace\Gestor-OT\src\GestorOT.Client\GestorOT.Client.csproj]
C:\Users\HWLScuffi\workspace\Gestor-OT\src\GestorOT.Client\obj\Debug\net10.0\Microsoft.CodeAnalysis.Razor.Compiler\Microsoft.NET.Sdk.Razor.SourceGenerators.RazorSourceGenerator\Pages\LaboresSueltas_razor.g.cs(445,108): warning CS8669: La anotaci├│n de tipos de referencia que aceptan valores NULL solo se debe usar en el c├│digo en un contexto de anotaciones "#nullable". El c├│digo generado autom├íticamente requiere una directiva "#nullable" expl├¡cita en el c├│digo fuente. [C:\Users\HWLScuffi\workspace\Gestor-OT\src\GestorOT.Client\GestorOT.Client.csproj]
C:\Users\HWLScuffi\workspace\Gestor-OT\src\GestorOT.Client\obj\Debug\net10.0\Microsoft.CodeAnalysis.Razor.Compiler\Microsoft.NET.Sdk.Razor.SourceGenerators.RazorSourceGenerator\Pages\LaboresSueltas_razor.g.cs(454,98): warning CS8669: La anotaci├│n de tipos de referencia que aceptan valores NULL solo se debe usar en el c├│digo en un contexto de anotaciones "#nullable". El c├│digo generado autom├íticamente requiere una directiva "#nullable" expl├¡cita en el c├│digo fuente. [C:\Users\HWLScuffi\workspace\Gestor-OT\src\GestorOT.Client\GestorOT.Client.csproj]
C:\Users\HWLScuffi\workspace\Gestor-OT\src\GestorOT.Client\obj\Debug\net10.0\Microsoft.CodeAnalysis.Razor.Compiler\Microsoft.NET.Sdk.Razor.SourceGenerators.RazorSourceGenerator\Pages\LaboresSueltas_razor.g.cs(482,98): warning CS8669: La anotaci├│n de tipos de referencia que aceptan valores NULL solo se debe usar en el c├│digo en un contexto de anotaciones "#nullable". El c├│digo generado autom├íticamente requiere una directiva "#nullable" expl├¡cita en el c├│digo fuente. [C:\Users\HWLScuffi\workspace\Gestor-OT\src\GestorOT.Client\GestorOT.Client.csproj]
C:\Users\HWLScuffi\workspace\Gestor-OT\src\GestorOT.Client\obj\Debug\net10.0\Microsoft.CodeAnalysis.Razor.Compiler\Microsoft.NET.Sdk.Razor.SourceGenerators.RazorSourceGenerator\Pages\LaboresSueltas_razor.g.cs(490,108): warning CS8669: La anotaci├│n de tipos de referencia que aceptan valores NULL solo se debe usar en el c├│digo en un contexto de anotaciones "#nullable". El c├│digo generado autom├íticamente requiere una directiva "#nullable" expl├¡cita en el c├│digo fuente. [C:\Users\HWLScuffi\workspace\Gestor-OT\src\GestorOT.Client\GestorOT.Client.csproj]
C:\Users\HWLScuffi\workspace\Gestor-OT\src\GestorOT.Client\obj\Debug\net10.0\Microsoft.CodeAnalysis.Razor.Compiler\Microsoft.NET.Sdk.Razor.SourceGenerators.RazorSourceGenerator\Pages\LaboresSueltas_razor.g.cs(499,98): warning CS8669: La anotaci├│n de tipos de referencia que aceptan valores NULL solo se debe usar en el c├│digo en un contexto de anotaciones "#nullable". El c├│digo generado autom├íticamente requiere una directiva "#nullable" expl├¡cita en el c├│digo fuente. [C:\Users\HWLScuffi\workspace\Gestor-OT\src\GestorOT.Client\GestorOT.Client.csproj]
C:\Users\HWLScuffi\workspace\Gestor-OT\src\GestorOT.Client\obj\Debug\net10.0\Microsoft.CodeAnalysis.Razor.Compiler\Microsoft.NET.Sdk.Razor.SourceGenerators.RazorSourceGenerator\Pages\LaboresSueltas_razor.g.cs(527,98): warning CS8669: La anotaci├│n de tipos de referencia que aceptan valores NULL solo se debe usar en el c├│digo en un contexto de anotaciones "#nullable". El c├│digo generado autom├íticamente requiere una directiva "#nullable" expl├¡cita en el c├│digo fuente. [C:\Users\HWLScuffi\workspace\Gestor-OT\src\GestorOT.Client\GestorOT.Client.csproj]
C:\Users\HWLScuffi\workspace\Gestor-OT\src\GestorOT.Client\obj\Debug\net10.0\Microsoft.CodeAnalysis.Razor.Compiler\Microsoft.NET.Sdk.Razor.SourceGenerators.RazorSourceGenerator\Pages\LaboresSueltas_razor.g.cs(535,108): warning CS8669: La anotaci├│n de tipos de referencia que aceptan valores NULL solo se debe usar en el c├│digo en un contexto de anotaciones "#nullable". El c├│digo generado autom├íticamente requiere una directiva "#nullable" expl├¡cita en el c├│digo fuente. [C:\Users\HWLScuffi\workspace\Gestor-OT\src\GestorOT.Client\GestorOT.Client.csproj]
C:\Users\HWLScuffi\workspace\Gestor-OT\src\GestorOT.Client\obj\Debug\net10.0\Microsoft.CodeAnalysis.Razor.Compiler\Microsoft.NET.Sdk.Razor.SourceGenerators.RazorSourceGenerator\Pages\LaboresSueltas_razor.g.cs(544,98): warning CS8669: La anotaci├│n de tipos de referencia que aceptan valores NULL solo se debe usar en el c├│digo en un contexto de anotaciones "#nullable". El c├│digo generado autom├íticamente requiere una directiva "#nullable" expl├¡cita en el c├│digo fuente. [C:\Users\HWLScuffi\workspace\Gestor-OT\src\GestorOT.Client\GestorOT.Client.csproj]
C:\Users\HWLScuffi\workspace\Gestor-OT\src\GestorOT.Client\Pages\LaboresSueltas.razor(99,108): warning CS4014: Como esta llamada no es 'awaited', la ejecuci├│n del m├®todo actual continuar├í antes de que se complete la llamada. Puede aplicar el operador 'await' al resultado de la llamada. [C:\Users\HWLScuffi\workspace\Gestor-OT\src\GestorOT.Client\GestorOT.Client.csproj]
C:\Users\HWLScuffi\workspace\Gestor-OT\src\GestorOT.Client\obj\Debug\net10.0\Microsoft.CodeAnalysis.Razor.Compiler\Microsoft.NET.Sdk.Razor.SourceGenerators.RazorSourceGenerator\Pages\LaboresSueltas_razor.g.cs(2058,62): warning CS0618: 'Selection.Key' est├í obsoleto: 'Please use the RowKey of Table instead.' [C:\Users\HWLScuffi\workspace\Gestor-OT\src\GestorOT.Client\GestorOT.Client.csproj]
C:\Users\HWLScuffi\workspace\Gestor-OT\src\GestorOT.Client\Pages\LaboresSueltas.razor(223,75): warning CS4014: Como esta llamada no es 'awaited', la ejecuci├│n del m├®todo actual continuar├í antes de que se complete la llamada. Puede aplicar el operador 'await' al resultado de la llamada. [C:\Users\HWLScuffi\workspace\Gestor-OT\src\GestorOT.Client\GestorOT.Client.csproj]
C:\Users\HWLScuffi\workspace\Gestor-OT\src\GestorOT.Client\Pages\LaboresSueltas.razor(449,9): warning CS4014: Como esta llamada no es 'awaited', la ejecuci├│n del m├®todo actual continuar├í antes de que se complete la llamada. Puede aplicar el operador 'await' al resultado de la llamada. [C:\Users\HWLScuffi\workspace\Gestor-OT\src\GestorOT.Client\GestorOT.Client.csproj]
C:\Users\HWLScuffi\workspace\Gestor-OT\src\GestorOT.Client\Pages\WorkOrderDetailFinal.razor(40,106): warning CS8602: Desreferencia de una referencia posiblemente NULL. [C:\Users\HWLScuffi\workspace\Gestor-OT\src\GestorOT.Client\GestorOT.Client.csproj]
C:\Users\HWLScuffi\workspace\Gestor-OT\src\GestorOT.Client\obj\Debug\net10.0\Microsoft.CodeAnalysis.Razor.Compiler\Microsoft.NET.Sdk.Razor.SourceGenerators.RazorSourceGenerator\Pages\Lotes_razor.g.cs(254,56): warning CS0618: 'Checkbox.CheckedExpression' est├í obsoleto: 'Currently not implemented' [C:\Users\HWLScuffi\workspace\Gestor-OT\src\GestorOT.Client\GestorOT.Client.csproj]
C:\Users\HWLScuffi\workspace\Gestor-OT\src\GestorOT.Client\Components\LaborEditorForm.razor(540,24): warning CS8619: La nulabilidad de los tipos de referencia en el valor de tipo "Task<List<CampaignLotDto>?>" no coincide con el tipo de destino "Task<List<CampaignLotDto>>". [C:\Users\HWLScuffi\workspace\Gestor-OT\src\GestorOT.Client\GestorOT.Client.csproj]
C:\Users\HWLScuffi\workspace\Gestor-OT\src\GestorOT.Client\Components\LaborEditorForm.razor(645,25): warning CS8625: No se puede convertir un literal NULL en un tipo de referencia que no acepta valores NULL. [C:\Users\HWLScuffi\workspace\Gestor-OT\src\GestorOT.Client\GestorOT.Client.csproj]
C:\Users\HWLScuffi\workspace\Gestor-OT\src\GestorOT.Client\Components\LaborEditorForm.razor(645,31): warning CS8604: Posible argumento de referencia nulo para el par├ímetro "UnitB" en "InventoryDto.InventoryDto(Guid Id, string Category, string ItemName, double CurrentStock, double ReorderLevel, string UnitA = "", string UnitB = "", double ConversionFactor = 1, string? GrupoConcepto = null, string? SubGrupoConcepto = null)". [C:\Users\HWLScuffi\workspace\Gestor-OT\src\GestorOT.Client\GestorOT.Client.csproj]
C:\Users\HWLScuffi\workspace\Gestor-OT\src\GestorOT.Client\Components\LaborEditorForm.razor(898,114): warning CS8625: No se puede convertir un literal NULL en un tipo de referencia que no acepta valores NULL. [C:\Users\HWLScuffi\workspace\Gestor-OT\src\GestorOT.Client\GestorOT.Client.csproj]
C:\Users\HWLScuffi\workspace\Gestor-OT\src\GestorOT.Client\Components\LaborEditorForm.razor(898,120): warning CS8604: Posible argumento de referencia nulo para el par├ímetro "UnitB" en "InventoryDto.InventoryDto(Guid Id, string Category, string ItemName, double CurrentStock, double ReorderLevel, string UnitA = "", string UnitB = "", double ConversionFactor = 1, string? GrupoConcepto = null, string? SubGrupoConcepto = null)". [C:\Users\HWLScuffi\workspace\Gestor-OT\src\GestorOT.Client\GestorOT.Client.csproj]
C:\Users\HWLScuffi\workspace\Gestor-OT\src\GestorOT.Client\Components\LaborEditorForm.razor(914,105): warning CS8625: No se puede convertir un literal NULL en un tipo de referencia que no acepta valores NULL. [C:\Users\HWLScuffi\workspace\Gestor-OT\src\GestorOT.Client\GestorOT.Client.csproj]
C:\Users\HWLScuffi\workspace\Gestor-OT\src\GestorOT.Client\Components\LaborEditorForm.razor(914,111): warning CS8604: Posible argumento de referencia nulo para el par├ímetro "UnitB" en "InventoryDto.InventoryDto(Guid Id, string Category, string ItemName, double CurrentStock, double ReorderLevel, string UnitA = "", string UnitB = "", double ConversionFactor = 1, string? GrupoConcepto = null, string? SubGrupoConcepto = null)". [C:\Users\HWLScuffi\workspace\Gestor-OT\src\GestorOT.Client\GestorOT.Client.csproj]
C:\Users\HWLScuffi\workspace\Gestor-OT\src\GestorOT.Client\Pages\PlaneamientoOriginal.razor(138,100): warning CS4014: Como esta llamada no es 'awaited', la ejecuci├│n del m├®todo actual continuar├í antes de que se complete la llamada. Puede aplicar el operador 'await' al resultado de la llamada. [C:\Users\HWLScuffi\workspace\Gestor-OT\src\GestorOT.Client\GestorOT.Client.csproj]
C:\Users\HWLScuffi\workspace\Gestor-OT\src\GestorOT.Client\obj\Debug\net10.0\Microsoft.CodeAnalysis.Razor.Compiler\Microsoft.NET.Sdk.Razor.SourceGenerators.RazorSourceGenerator\Pages\OrdenesTrabajos_razor.g.cs(2336,78): warning CS0618: 'Checkbox.CheckedExpression' est├í obsoleto: 'Currently not implemented' [C:\Users\HWLScuffi\workspace\Gestor-OT\src\GestorOT.Client\GestorOT.Client.csproj]
C:\Users\HWLScuffi\workspace\Gestor-OT\src\GestorOT.Client\obj\Debug\net10.0\Microsoft.CodeAnalysis.Razor.Compiler\Microsoft.NET.Sdk.Razor.SourceGenerators.RazorSourceGenerator\Pages\OrdenesTrabajos_razor.g.cs(2362,78): warning CS0618: 'Checkbox.CheckedExpression' est├í obsoleto: 'Currently not implemented' [C:\Users\HWLScuffi\workspace\Gestor-OT\src\GestorOT.Client\GestorOT.Client.csproj]
C:\Users\HWLScuffi\workspace\Gestor-OT\src\GestorOT.Client\Pages\LaboresSueltas.razor(412,23): warning CS0169: El campo 'LaboresSueltas._laborToExecute' nunca se usa [C:\Users\HWLScuffi\workspace\Gestor-OT\src\GestorOT.Client\GestorOT.Client.csproj]
C:\Users\HWLScuffi\workspace\Gestor-OT\src\GestorOT.Client\Pages\PlaneamientoOriginal.razor(148,18): warning CS0169: El campo 'PlaneamientoOriginal._showModal' nunca se usa [C:\Users\HWLScuffi\workspace\Gestor-OT\src\GestorOT.Client\GestorOT.Client.csproj]
C:\Users\HWLScuffi\workspace\Gestor-OT\src\GestorOT.Client\Pages\PlaneamientoOriginal.razor(151,23): warning CS0169: El campo 'PlaneamientoOriginal._selectedLabor' nunca se usa [C:\Users\HWLScuffi\workspace\Gestor-OT\src\GestorOT.Client\GestorOT.Client.csproj]
C:\Users\HWLScuffi\workspace\Gestor-OT\src\GestorOT.Client\Pages\LaboresSueltas.razor(410,18): warning CS0169: El campo 'LaboresSueltas._executeModalOpen' nunca se usa [C:\Users\HWLScuffi\workspace\Gestor-OT\src\GestorOT.Client\GestorOT.Client.csproj]
C:\Users\HWLScuffi\workspace\Gestor-OT\src\GestorOT.Client\Pages\LaboresSueltas.razor(411,18): warning CS0169: El campo 'LaboresSueltas._executing' nunca se usa [C:\Users\HWLScuffi\workspace\Gestor-OT\src\GestorOT.Client\GestorOT.Client.csproj]
C:\Users\HWLScuffi\workspace\Gestor-OT\src\GestorOT.Client\Pages\WorkOrderDetailFinal.razor(31,15): error RZ9980: Unclosed tag 'div' with no matching end tag. [C:\Users\HWLScuffi\workspace\Gestor-OT\src\GestorOT.Client\GestorOT.Client.csproj]
C:\Users\HWLScuffi\workspace\Gestor-OT\src\GestorOT.Client\Pages\WorkOrderDetailFinal.razor(31,16): error RZ1025: The "div" element was not closed.  All elements must be either self-closing or have a matching end tag. [C:\Users\HWLScuffi\workspace\Gestor-OT\src\GestorOT.Client\GestorOT.Client.csproj]
C:\Users\HWLScuffi\workspace\Gestor-OT\src\GestorOT.Client\Pages\WorkOrderDetailFinal.razor(37,9): error RZ9980: Unclosed tag 'div' with no matching end tag. [C:\Users\HWLScuffi\workspace\Gestor-OT\src\GestorOT.Client\GestorOT.Client.csproj]
C:\Users\HWLScuffi\workspace\Gestor-OT\src\GestorOT.Client\Pages\WorkOrderDetailFinal.razor(42,14): error RZ1034: Found a malformed 'Row' tag helper. Tag helpers must have a start and end tag or be self closing. [C:\Users\HWLScuffi\workspace\Gestor-OT\src\GestorOT.Client\GestorOT.Client.csproj]
C:\Users\HWLScuffi\workspace\Gestor-OT\src\GestorOT.Client\Pages\WorkOrderDetailFinal.razor(43,18): error RZ1042: Component or tag helper 'Col' must be self-closing because it's named like an HTML void element. To use child content, qualify such components with their namespace or use prefixes with such tag helpers. [C:\Users\HWLScuffi\workspace\Gestor-OT\src\GestorOT.Client\GestorOT.Client.csproj]
C:\Users\HWLScuffi\workspace\Gestor-OT\src\GestorOT.Client\Pages\WorkOrderDetailFinal.razor(46,17): error RZ9981: Unexpected closing tag 'Col' with no matching start tag. [C:\Users\HWLScuffi\workspace\Gestor-OT\src\GestorOT.Client\GestorOT.Client.csproj]
C:\Users\HWLScuffi\workspace\Gestor-OT\src\GestorOT.Client\Pages\WorkOrderDetailFinal.razor(46,19): error RZ1034: Found a malformed 'Col' tag helper. Tag helpers must have a start and end tag or be self closing. [C:\Users\HWLScuffi\workspace\Gestor-OT\src\GestorOT.Client\GestorOT.Client.csproj]
C:\Users\HWLScuffi\workspace\Gestor-OT\src\GestorOT.Client\Pages\WorkOrderDetailFinal.razor(47,18): error RZ1042: Component or tag helper 'Col' must be self-closing because it's named like an HTML void element. To use child content, qualify such components with their namespace or use prefixes with such tag helpers. [C:\Users\HWLScuffi\workspace\Gestor-OT\src\GestorOT.Client\GestorOT.Client.csproj]
C:\Users\HWLScuffi\workspace\Gestor-OT\src\GestorOT.Client\Pages\WorkOrderDetailFinal.razor(50,17): error RZ9981: Unexpected closing tag 'Col' with no matching start tag. [C:\Users\HWLScuffi\workspace\Gestor-OT\src\GestorOT.Client\GestorOT.Client.csproj]
C:\Users\HWLScuffi\workspace\Gestor-OT\src\GestorOT.Client\Pages\WorkOrderDetailFinal.razor(50,19): error RZ1026: Encountered end tag "Col" with no matching start tag.  Are your start/end tags properly balanced? [C:\Users\HWLScuffi\workspace\Gestor-OT\src\GestorOT.Client\GestorOT.Client.csproj]
C:\Users\HWLScuffi\workspace\Gestor-OT\src\GestorOT.Client\Pages\WorkOrderDetailFinal.razor(50,19): error RZ1034: Found a malformed 'Col' tag helper. Tag helpers must have a start and end tag or be self closing. [C:\Users\HWLScuffi\workspace\Gestor-OT\src\GestorOT.Client\GestorOT.Client.csproj]
C:\Users\HWLScuffi\workspace\Gestor-OT\src\GestorOT.Client\Pages\WorkOrderDetailFinal.razor(51,18): error RZ1042: Component or tag helper 'Col' must be self-closing because it's named like an HTML void element. To use child content, qualify such components with their namespace or use prefixes with such tag helpers. [C:\Users\HWLScuffi\workspace\Gestor-OT\src\GestorOT.Client\GestorOT.Client.csproj]
C:\Users\HWLScuffi\workspace\Gestor-OT\src\GestorOT.Client\Pages\WorkOrderDetailFinal.razor(59,17): error RZ9981: Unexpected closing tag 'Col' with no matching start tag. [C:\Users\HWLScuffi\workspace\Gestor-OT\src\GestorOT.Client\GestorOT.Client.csproj]
C:\Users\HWLScuffi\workspace\Gestor-OT\src\GestorOT.Client\Pages\WorkOrderDetailFinal.razor(59,19): error RZ1026: Encountered end tag "Col" with no matching start tag.  Are your start/end tags properly balanced? [C:\Users\HWLScuffi\workspace\Gestor-OT\src\GestorOT.Client\GestorOT.Client.csproj]
C:\Users\HWLScuffi\workspace\Gestor-OT\src\GestorOT.Client\Pages\WorkOrderDetailFinal.razor(59,19): error RZ1034: Found a malformed 'Col' tag helper. Tag helpers must have a start and end tag or be self closing. [C:\Users\HWLScuffi\workspace\Gestor-OT\src\GestorOT.Client\GestorOT.Client.csproj]
C:\Users\HWLScuffi\workspace\Gestor-OT\src\GestorOT.Client\Pages\WorkOrderDetailFinal.razor(60,13): error RZ9981: Unexpected closing tag 'Row' with no matching start tag. [C:\Users\HWLScuffi\workspace\Gestor-OT\src\GestorOT.Client\GestorOT.Client.csproj]
C:\Users\HWLScuffi\workspace\Gestor-OT\src\GestorOT.Client\Pages\WorkOrderDetailFinal.razor(60,15): error RZ1026: Encountered end tag "Row" with no matching start tag.  Are your start/end tags properly balanced? [C:\Users\HWLScuffi\workspace\Gestor-OT\src\GestorOT.Client\GestorOT.Client.csproj]
C:\Users\HWLScuffi\workspace\Gestor-OT\src\GestorOT.Client\Pages\WorkOrderDetailFinal.razor(60,15): error RZ1034: Found a malformed 'Row' tag helper. Tag helpers must have a start and end tag or be self closing. [C:\Users\HWLScuffi\workspace\Gestor-OT\src\GestorOT.Client\GestorOT.Client.csproj]
C:\Users\HWLScuffi\workspace\Gestor-OT\src\GestorOT.Client\Pages\WorkOrderDetailFinal.razor(69,9): error RZ9981: Unexpected closing tag 'div' with no matching start tag. [C:\Users\HWLScuffi\workspace\Gestor-OT\src\GestorOT.Client\GestorOT.Client.csproj]
C:\Users\HWLScuffi\workspace\Gestor-OT\src\GestorOT.Client\Pages\WorkOrderDetailFinal.razor(69,11): error RZ1026: Encountered end tag "div" with no matching start tag.  Are your start/end tags properly balanced? [C:\Users\HWLScuffi\workspace\Gestor-OT\src\GestorOT.Client\GestorOT.Client.csproj]
C:\Users\HWLScuffi\workspace\Gestor-OT\src\GestorOT.Client\Pages\WorkOrderDetailFinal.razor(228,5): error RZ9981: Unexpected closing tag 'div' with no matching start tag. [C:\Users\HWLScuffi\workspace\Gestor-OT\src\GestorOT.Client\GestorOT.Client.csproj]
C:\Users\HWLScuffi\workspace\Gestor-OT\src\GestorOT.Client\Pages\WorkOrderDetailFinal.razor(228,7): error RZ1026: Encountered end tag "div" with no matching start tag.  Are your start/end tags properly balanced? [C:\Users\HWLScuffi\workspace\Gestor-OT\src\GestorOT.Client\GestorOT.Client.csproj]
    70 Advertencia(s)
    22 Errores

Tiempo transcurrido 00:00:06.13
